2025-05-14 00:10:45.612 |  WARN |                      main | i.m.core.instrument.MeterRegistry        | This Gauge has been already registered (MeterId{name='disk.free', tags=[tag(axonserver=LAPTOP-SK2I1UHQ),tag(path=D:\)]}), the Gauge registration will be ignored. Note that subsequent logs will be logged at debug level.
2025-05-14 00:10:46.662 |  INFO |                      main | i.a.a.e.c.i.MessagingClusterServer       | Axon Server Cluster Server started on port: 8224 - no SSL
2025-05-14 00:10:46.748 |  INFO |                      main | i.a.a.c.r.file.PrimaryLogEntryStore      | _admin: Initializing log
2025-05-14 00:10:46.822 |  INFO |                      main | io.axoniq.axonserver.cluster.RaftNode    | _admin in term 37: Updating state from null to IdleState (Node initialized.)
2025-05-14 00:10:46.841 |  INFO |                      main | i.a.a.c.r.file.PrimaryLogEntryStore      | default: Initializing log
2025-05-14 00:10:46.864 |  INFO |                      main | io.axoniq.axonserver.cluster.RaftNode    | default in term 37: Updating state from null to IdleState (Node initialized.)
2025-05-14 00:10:46.867 |  INFO |                      main | io.axoniq.axonserver.cluster.RaftNode    | _admin in term 37: Starting the node...
2025-05-14 00:10:46.867 |  INFO |                      main | io.axoniq.axonserver.cluster.RaftNode    | _admin in term 37: Updating state from IdleState to FollowerState (Role PRIMARY)
2025-05-14 00:10:46.867 |  INFO |                      main | io.axoniq.axonserver.cluster.RaftNode    | The replication log compaction for "_admin" is scheduled each 1 hour(s).
2025-05-14 00:10:46.867 |  INFO |                      main | io.axoniq.axonserver.cluster.RaftNode    | _admin in term 37: Node started.
2025-05-14 00:10:46.999 |  INFO |                      main | io.axoniq.axonserver.grpc.Gateway        | Axon Server Gateway started on port: 8124 - no SSL
2025-05-14 00:10:47.021 |  INFO |                      main | o.s.b.w.embedded.tomcat.TomcatWebServer  | Tomcat started on port 8024 (http) with context path '/'
2025-05-14 00:10:47.082 |  INFO |                      main | io.axoniq.axonserver.AxonServer          | Started AxonServer in 27.559 seconds (process running for 28.52)
2025-05-14 00:10:47.296 |  INFO |           task-scheduler1 | i.a.a.l.file.WritableFileStorageTier     | default-EVENT: Index on disk is up to date
2025-05-14 00:10:47.297 |  INFO |           task-scheduler1 | i.a.a.l.file.WritableFileStorageTier     | default-EVENT: Opening file .\data\default\00000000000000000000.events
2025-05-14 00:10:47.343 |  INFO |           task-scheduler1 | i.a.a.l.file.WritableFileStorageTier     | default-EVENT: Segments initialized
2025-05-14 00:10:47.366 |  INFO |           task-scheduler1 | i.a.a.l.file.WritableFileStorageTier     | default-SNAPSHOT: Index on disk is up to date
2025-05-14 00:10:47.375 |  INFO |           task-scheduler1 | i.a.a.l.file.WritableFileStorageTier     | default-SNAPSHOT: Opening file .\data\default\00000000000000000000.snapshots
2025-05-14 00:10:47.375 |  INFO |           task-scheduler1 | i.a.a.l.file.WritableFileStorageTier     | default-SNAPSHOT: Segments initialized
2025-05-14 00:10:47.391 |  INFO |           task-scheduler1 | io.axoniq.axonserver.cluster.RaftNode    | default in term 37: Starting the node...
2025-05-14 00:10:47.392 |  INFO |           task-scheduler1 | io.axoniq.axonserver.cluster.RaftNode    | default in term 37: Updating state from IdleState to FollowerState (Role PRIMARY)
2025-05-14 00:10:47.395 |  INFO |           task-scheduler1 | io.axoniq.axonserver.cluster.RaftNode    | The replication log compaction for "default" is scheduled each 1 hour(s).
2025-05-14 00:10:47.395 |  INFO |           task-scheduler1 | io.axoniq.axonserver.cluster.RaftNode    | default in term 37: Node started.
2025-05-14 00:10:48.677 |  INFO |       default-raftState-1 | i.a.axonserver.cluster.FollowerState     | default in term 37: Timeout in follower state: 1285 ms.
2025-05-14 00:10:48.698 |  INFO |       default-raftState-1 | io.axoniq.axonserver.cluster.RaftNode    | default in term 37: Updating state from FollowerState to PreVoteState (default in term 37: Timeout in follower state: 1285 ms.)
2025-05-14 00:10:48.734 |  INFO |       default-raftState-1 | i.a.a.cluster.election.DefaultPreVote    | default: Starting pre-vote from LAPTOP-SK2I1UHQ-5f2615f7-e698-4c0d-8eb6-9ad22e93fd66 in term 37
2025-05-14 00:10:48.737 |  INFO |       default-raftState-1 | io.axoniq.axonserver.cluster.RaftNode    | default in term 37: Updating state from PreVoteState to CandidateState (default: Election for term 38 is won by LAPTOP-SK2I1UHQ-5f2615f7-e698-4c0d-8eb6-9ad22e93fd66 (PrimaryAndVotingMajorityStrategy {votes={LAPTOP-SK2I1UHQ-5f2615f7-e698-4c0d-8eb6-9ad22e93fd66=true}}))
2025-05-14 00:10:48.739 |  INFO |       default-raftState-1 | i.a.a.logging.ClusterEventsLogger        | default in term 37: Leader is null
2025-05-14 00:10:48.758 |  INFO |       default-raftState-1 | io.axoniq.axonserver.cluster.RaftNode    | default in term 38: Term updated (LAPTOP-SK2I1UHQ-5f2615f7-e698-4c0d-8eb6-9ad22e93fd66 is starting a new election, so increases its term from 37 to 38).
2025-05-14 00:10:48.758 |  INFO |       default-raftState-1 | i.a.a.cluster.election.DefaultElection   | default: Starting election from LAPTOP-SK2I1UHQ-5f2615f7-e698-4c0d-8eb6-9ad22e93fd66 in term 38
2025-05-14 00:10:48.779 |  INFO |       default-raftState-1 | io.axoniq.axonserver.cluster.RaftNode    | default in term 38: Updating state from CandidateState to LeaderState (default: Election for term 38 is won by LAPTOP-SK2I1UHQ-5f2615f7-e698-4c0d-8eb6-9ad22e93fd66 (PrimaryAndVotingMajorityStrategy {votes={LAPTOP-SK2I1UHQ-5f2615f7-e698-4c0d-8eb6-9ad22e93fd66=true}}))
2025-05-14 00:10:48.846 |  INFO |       default-raftState-1 | i.a.a.logging.ClusterEventsLogger        | default in term 38: (notification) Leader is LAPTOP-SK2I1UHQ
2025-05-14 00:10:48.877 |  INFO |       default-raftState-1 | i.a.a.logging.ClusterEventsLogger        | default in term 38: Leader
2025-05-14 00:10:48.883 |  INFO |       default-raftState-1 | i.axoniq.axonserver.cluster.LeaderState  | default in term 38: Start replication thread for 0 peers.
2025-05-14 00:10:48.884 |  INFO |       default-raftState-1 | i.axoniq.axonserver.cluster.LeaderState  | default in term 38: Appending info that leader has been elected.
2025-05-14 00:10:49.375 |  INFO |        _admin-raftState-0 | i.a.axonserver.cluster.FollowerState     | _admin in term 37: Timeout in follower state: 2508 ms.
2025-05-14 00:10:49.375 |  INFO |        _admin-raftState-0 | io.axoniq.axonserver.cluster.RaftNode    | _admin in term 37: Updating state from FollowerState to PreVoteState (_admin in term 37: Timeout in follower state: 2508 ms.)
2025-05-14 00:10:49.375 |  INFO |        _admin-raftState-0 | i.a.a.cluster.election.DefaultPreVote    | _admin: Starting pre-vote from LAPTOP-SK2I1UHQ-987a0dfd-abdb-4475-b07b-f4db66c89877 in term 37
2025-05-14 00:10:49.375 |  INFO |        _admin-raftState-0 | io.axoniq.axonserver.cluster.RaftNode    | _admin in term 37: Updating state from PreVoteState to CandidateState (_admin: Election for term 38 is won by LAPTOP-SK2I1UHQ-987a0dfd-abdb-4475-b07b-f4db66c89877 (PrimaryAndVotingMajorityStrategy {votes={LAPTOP-SK2I1UHQ-987a0dfd-abdb-4475-b07b-f4db66c89877=true}}))
2025-05-14 00:10:49.375 |  INFO |        _admin-raftState-0 | i.a.a.logging.ClusterEventsLogger        | _admin in term 37: Leader is null
2025-05-14 00:10:49.375 |  INFO |        _admin-raftState-0 | io.axoniq.axonserver.cluster.RaftNode    | _admin in term 38: Term updated (LAPTOP-SK2I1UHQ-987a0dfd-abdb-4475-b07b-f4db66c89877 is starting a new election, so increases its term from 37 to 38).
2025-05-14 00:10:49.375 |  INFO |        _admin-raftState-0 | i.a.a.cluster.election.DefaultElection   | _admin: Starting election from LAPTOP-SK2I1UHQ-987a0dfd-abdb-4475-b07b-f4db66c89877 in term 38
2025-05-14 00:10:49.391 |  INFO |        _admin-raftState-0 | io.axoniq.axonserver.cluster.RaftNode    | _admin in term 38: Updating state from CandidateState to LeaderState (_admin: Election for term 38 is won by LAPTOP-SK2I1UHQ-987a0dfd-abdb-4475-b07b-f4db66c89877 (PrimaryAndVotingMajorityStrategy {votes={LAPTOP-SK2I1UHQ-987a0dfd-abdb-4475-b07b-f4db66c89877=true}}))
2025-05-14 00:10:49.391 |  INFO |        _admin-raftState-0 | i.a.a.logging.ClusterEventsLogger        | _admin in term 38: (notification) Leader is LAPTOP-SK2I1UHQ
2025-05-14 00:10:49.401 |  INFO |        _admin-raftState-0 | i.a.a.logging.ClusterEventsLogger        | _admin in term 38: Leader
2025-05-14 00:10:49.401 |  INFO |        _admin-raftState-0 | i.axoniq.axonserver.cluster.LeaderState  | _admin in term 38: Start replication thread for 0 peers.
2025-05-14 00:10:49.401 |  INFO |        _admin-raftState-0 | i.axoniq.axonserver.cluster.LeaderState  | _admin in term 38: Appending info that leader has been elected.
2025-05-14 00:12:57.280 |  INFO |           grpc-executor-1 | i.a.a.logging.TopologyEventsLogger       | Application connected: employeeservice, clientId = 24600@LAPTOP-SK2I1UHQ, clientStreamId = 24600@LAPTOP-SK2I1UHQ.1228d96f-cdbb-44d7-a80c-850784d2174f, context = default
2025-05-14 00:13:03.681 |  INFO |           grpc-executor-2 | i.a.a.logging.TopologyEventsLogger       | Application connected: BookService, clientId = 14548@LAPTOP-SK2I1UHQ, clientStreamId = 14548@LAPTOP-SK2I1UHQ.e0c660be-62a4-4b6f-9709-bf76200771b1, context = default
2025-05-14 00:13:10.245 |  INFO |           grpc-executor-4 | i.a.a.logging.TopologyEventsLogger       | Application connected: borrowingservice, clientId = 27632@LAPTOP-SK2I1UHQ, clientStreamId = 27632@LAPTOP-SK2I1UHQ.28f83f64-7425-4b6d-869c-667614c9ee81, context = default
2025-05-14 00:30:17.227 |  INFO |           grpc-executor-1 | i.a.a.logging.TopologyEventsLogger       | Application disconnected: borrowingservice, clientId = 27632@LAPTOP-SK2I1UHQ.28f83f64-7425-4b6d-869c-667614c9ee81, context = default: Error on platform connection from client
2025-05-14 00:30:34.939 |  WARN |           grpc-executor-2 | i.a.a.message.command.CommandDispatcher  | No Handler for command: com.ltfullstack.borrowingservice.command.command.DeleteBorrowingCommand
2025-05-14 00:30:35.426 |  INFO |           grpc-executor-1 | i.a.a.logging.TopologyEventsLogger       | Application connected: borrowingservice, clientId = 27632@LAPTOP-SK2I1UHQ, clientStreamId = 27632@LAPTOP-SK2I1UHQ.cbdc8de4-4212-407e-bcdc-4850bb72b71c, context = default
2025-05-14 00:49:59.045 |  INFO |           grpc-executor-3 | i.a.a.logging.TopologyEventsLogger       | Application disconnected: employeeservice, clientId = 24600@LAPTOP-SK2I1UHQ.1228d96f-cdbb-44d7-a80c-850784d2174f, context = default: Platform connection completed by client
2025-05-14 00:50:04.363 |  INFO |           grpc-executor-4 | i.a.a.logging.TopologyEventsLogger       | Application disconnected: BookService, clientId = 14548@LAPTOP-SK2I1UHQ.e0c660be-62a4-4b6f-9709-bf76200771b1, context = default: Platform connection completed by client
2025-05-14 00:50:09.289 |  INFO |           grpc-executor-2 | i.a.a.logging.TopologyEventsLogger       | Application disconnected: borrowingservice, clientId = 27632@LAPTOP-SK2I1UHQ.cbdc8de4-4212-407e-bcdc-4850bb72b71c, context = default: Platform connection completed by client
2025-05-14 11:10:14.142 |  WARN |                      main | i.m.core.instrument.MeterRegistry        | This Gauge has been already registered (MeterId{name='disk.free', tags=[tag(axonserver=LAPTOP-SK2I1UHQ),tag(path=D:\)]}), the Gauge registration will be ignored. Note that subsequent logs will be logged at debug level.
2025-05-14 11:10:14.922 |  INFO |                      main | i.a.a.e.c.i.MessagingClusterServer       | Axon Server Cluster Server started on port: 8224 - no SSL
2025-05-14 11:10:14.996 |  INFO |                      main | i.a.a.c.r.file.PrimaryLogEntryStore      | _admin: Initializing log
2025-05-14 11:10:15.059 |  INFO |                      main | io.axoniq.axonserver.cluster.RaftNode    | _admin in term 38: Updating state from null to IdleState (Node initialized.)
2025-05-14 11:10:15.070 |  INFO |                      main | i.a.a.c.r.file.PrimaryLogEntryStore      | default: Initializing log
2025-05-14 11:10:15.089 |  INFO |                      main | io.axoniq.axonserver.cluster.RaftNode    | default in term 38: Updating state from null to IdleState (Node initialized.)
2025-05-14 11:10:15.091 |  INFO |                      main | io.axoniq.axonserver.cluster.RaftNode    | _admin in term 38: Starting the node...
2025-05-14 11:10:15.097 |  INFO |                      main | io.axoniq.axonserver.cluster.RaftNode    | _admin in term 38: Updating state from IdleState to FollowerState (Role PRIMARY)
2025-05-14 11:10:15.104 |  INFO |                      main | io.axoniq.axonserver.cluster.RaftNode    | The replication log compaction for "_admin" is scheduled each 1 hour(s).
2025-05-14 11:10:15.105 |  INFO |                      main | io.axoniq.axonserver.cluster.RaftNode    | _admin in term 38: Node started.
2025-05-14 11:10:15.195 |  INFO |                      main | io.axoniq.axonserver.grpc.Gateway        | Axon Server Gateway started on port: 8124 - no SSL
2025-05-14 11:10:15.213 |  INFO |                      main | o.s.b.w.embedded.tomcat.TomcatWebServer  | Tomcat started on port 8024 (http) with context path '/'
2025-05-14 11:10:15.245 |  INFO |                      main | io.axoniq.axonserver.AxonServer          | Started AxonServer in 21.269 seconds (process running for 21.932)
2025-05-14 11:10:15.371 |  INFO |           task-scheduler1 | i.a.a.l.file.WritableFileStorageTier     | default-EVENT: Index on disk is up to date
2025-05-14 11:10:15.386 |  INFO |           task-scheduler1 | i.a.a.l.file.WritableFileStorageTier     | default-EVENT: Opening file .\data\default\00000000000000000000.events
2025-05-14 11:10:15.413 |  INFO |           task-scheduler1 | i.a.a.l.file.WritableFileStorageTier     | default-EVENT: Segments initialized
2025-05-14 11:10:15.429 |  INFO |           task-scheduler1 | i.a.a.l.file.WritableFileStorageTier     | default-SNAPSHOT: Index on disk is up to date
2025-05-14 11:10:15.452 |  INFO |           task-scheduler1 | i.a.a.l.file.WritableFileStorageTier     | default-SNAPSHOT: Opening file .\data\default\00000000000000000000.snapshots
2025-05-14 11:10:15.453 |  INFO |           task-scheduler1 | i.a.a.l.file.WritableFileStorageTier     | default-SNAPSHOT: Segments initialized
2025-05-14 11:10:15.459 |  INFO |           task-scheduler1 | io.axoniq.axonserver.cluster.RaftNode    | default in term 38: Starting the node...
2025-05-14 11:10:15.460 |  INFO |           task-scheduler1 | io.axoniq.axonserver.cluster.RaftNode    | default in term 38: Updating state from IdleState to FollowerState (Role PRIMARY)
2025-05-14 11:10:15.464 |  INFO |           task-scheduler1 | io.axoniq.axonserver.cluster.RaftNode    | The replication log compaction for "default" is scheduled each 1 hour(s).
2025-05-14 11:10:15.464 |  INFO |           task-scheduler1 | io.axoniq.axonserver.cluster.RaftNode    | default in term 38: Node started.
2025-05-14 11:10:17.052 |  INFO |        _admin-raftState-0 | i.a.axonserver.cluster.FollowerState     | _admin in term 38: Timeout in follower state: 1952 ms.
2025-05-14 11:10:17.060 |  INFO |        _admin-raftState-0 | io.axoniq.axonserver.cluster.RaftNode    | _admin in term 38: Updating state from FollowerState to PreVoteState (_admin in term 38: Timeout in follower state: 1952 ms.)
2025-05-14 11:10:17.082 |  INFO |        _admin-raftState-0 | i.a.a.cluster.election.DefaultPreVote    | _admin: Starting pre-vote from LAPTOP-SK2I1UHQ-987a0dfd-abdb-4475-b07b-f4db66c89877 in term 38
2025-05-14 11:10:17.086 |  INFO |        _admin-raftState-0 | io.axoniq.axonserver.cluster.RaftNode    | _admin in term 38: Updating state from PreVoteState to CandidateState (_admin: Election for term 39 is won by LAPTOP-SK2I1UHQ-987a0dfd-abdb-4475-b07b-f4db66c89877 (PrimaryAndVotingMajorityStrategy {votes={LAPTOP-SK2I1UHQ-987a0dfd-abdb-4475-b07b-f4db66c89877=true}}))
2025-05-14 11:10:17.088 |  INFO |        _admin-raftState-0 | i.a.a.logging.ClusterEventsLogger        | _admin in term 38: Leader is null
2025-05-14 11:10:17.100 |  INFO |        _admin-raftState-0 | io.axoniq.axonserver.cluster.RaftNode    | _admin in term 39: Term updated (LAPTOP-SK2I1UHQ-987a0dfd-abdb-4475-b07b-f4db66c89877 is starting a new election, so increases its term from 38 to 39).
2025-05-14 11:10:17.101 |  INFO |        _admin-raftState-0 | i.a.a.cluster.election.DefaultElection   | _admin: Starting election from LAPTOP-SK2I1UHQ-987a0dfd-abdb-4475-b07b-f4db66c89877 in term 39
2025-05-14 11:10:17.110 |  INFO |        _admin-raftState-0 | io.axoniq.axonserver.cluster.RaftNode    | _admin in term 39: Updating state from CandidateState to LeaderState (_admin: Election for term 39 is won by LAPTOP-SK2I1UHQ-987a0dfd-abdb-4475-b07b-f4db66c89877 (PrimaryAndVotingMajorityStrategy {votes={LAPTOP-SK2I1UHQ-987a0dfd-abdb-4475-b07b-f4db66c89877=true}}))
2025-05-14 11:10:17.162 |  INFO |        _admin-raftState-0 | i.a.a.logging.ClusterEventsLogger        | _admin in term 39: (notification) Leader is LAPTOP-SK2I1UHQ
2025-05-14 11:10:17.180 |  INFO |        _admin-raftState-0 | i.a.a.logging.ClusterEventsLogger        | _admin in term 39: Leader
2025-05-14 11:10:17.182 |  INFO |        _admin-raftState-0 | i.axoniq.axonserver.cluster.LeaderState  | _admin in term 39: Start replication thread for 0 peers.
2025-05-14 11:10:17.183 |  INFO |        _admin-raftState-0 | i.axoniq.axonserver.cluster.LeaderState  | _admin in term 39: Appending info that leader has been elected.
2025-05-14 11:10:17.420 |  INFO |       default-raftState-0 | i.a.axonserver.cluster.FollowerState     | default in term 38: Timeout in follower state: 1959 ms.
2025-05-14 11:10:17.420 |  INFO |       default-raftState-0 | io.axoniq.axonserver.cluster.RaftNode    | default in term 38: Updating state from FollowerState to PreVoteState (default in term 38: Timeout in follower state: 1959 ms.)
2025-05-14 11:10:17.423 |  INFO |       default-raftState-0 | i.a.a.cluster.election.DefaultPreVote    | default: Starting pre-vote from LAPTOP-SK2I1UHQ-5f2615f7-e698-4c0d-8eb6-9ad22e93fd66 in term 38
2025-05-14 11:10:17.423 |  INFO |       default-raftState-0 | io.axoniq.axonserver.cluster.RaftNode    | default in term 38: Updating state from PreVoteState to CandidateState (default: Election for term 39 is won by LAPTOP-SK2I1UHQ-5f2615f7-e698-4c0d-8eb6-9ad22e93fd66 (PrimaryAndVotingMajorityStrategy {votes={LAPTOP-SK2I1UHQ-5f2615f7-e698-4c0d-8eb6-9ad22e93fd66=true}}))
2025-05-14 11:10:17.423 |  INFO |       default-raftState-0 | i.a.a.logging.ClusterEventsLogger        | default in term 38: Leader is null
2025-05-14 11:10:17.431 |  INFO |       default-raftState-0 | io.axoniq.axonserver.cluster.RaftNode    | default in term 39: Term updated (LAPTOP-SK2I1UHQ-5f2615f7-e698-4c0d-8eb6-9ad22e93fd66 is starting a new election, so increases its term from 38 to 39).
2025-05-14 11:10:17.431 |  INFO |       default-raftState-0 | i.a.a.cluster.election.DefaultElection   | default: Starting election from LAPTOP-SK2I1UHQ-5f2615f7-e698-4c0d-8eb6-9ad22e93fd66 in term 39
2025-05-14 11:10:17.432 |  INFO |       default-raftState-0 | io.axoniq.axonserver.cluster.RaftNode    | default in term 39: Updating state from CandidateState to LeaderState (default: Election for term 39 is won by LAPTOP-SK2I1UHQ-5f2615f7-e698-4c0d-8eb6-9ad22e93fd66 (PrimaryAndVotingMajorityStrategy {votes={LAPTOP-SK2I1UHQ-5f2615f7-e698-4c0d-8eb6-9ad22e93fd66=true}}))
2025-05-14 11:10:17.454 |  INFO |       default-raftState-0 | i.a.a.logging.ClusterEventsLogger        | default in term 39: (notification) Leader is LAPTOP-SK2I1UHQ
2025-05-14 11:10:17.462 |  INFO |       default-raftState-0 | i.a.a.logging.ClusterEventsLogger        | default in term 39: Leader
2025-05-14 11:10:17.463 |  INFO |       default-raftState-0 | i.axoniq.axonserver.cluster.LeaderState  | default in term 39: Start replication thread for 0 peers.
2025-05-14 11:10:17.463 |  INFO |       default-raftState-0 | i.axoniq.axonserver.cluster.LeaderState  | default in term 39: Appending info that leader has been elected.
2025-05-14 11:12:22.844 |  INFO |           grpc-executor-1 | i.a.a.logging.TopologyEventsLogger       | Application connected: employeeservice, clientId = 29900@LAPTOP-SK2I1UHQ, clientStreamId = 29900@LAPTOP-SK2I1UHQ.bab8dc7b-e0c1-4c0b-8700-6274623275d8, context = default
2025-05-14 11:12:25.383 |  INFO |           grpc-executor-4 | i.a.a.logging.TopologyEventsLogger       | Application connected: borrowingservice, clientId = 30404@LAPTOP-SK2I1UHQ, clientStreamId = 30404@LAPTOP-SK2I1UHQ.d980fea4-92ce-45c9-bc0b-ef149bda79d9, context = default
2025-05-14 11:12:49.041 |  INFO |           grpc-executor-4 | i.a.a.logging.TopologyEventsLogger       | Application disconnected: borrowingservice, clientId = 30404@LAPTOP-SK2I1UHQ.d980fea4-92ce-45c9-bc0b-ef149bda79d9, context = default: Error on platform connection from client
2025-05-14 11:12:50.542 |  WARN | nPool.commonPool-worker-2 | i.a.a.c.p.b.LoadBalancerDelegate         | Load Balancing Operation failed for event processor TrackingEventProcessor{name='com.ltfullstack.borrowingservice.command.event', context='default', tokenStoreIdentifier='41f887f6-04f3-414c-b3fc-0857b7d93c74'}
java.lang.RuntimeException: Event processor status update has not be completed in 10 seconds. No response from [30404@LAPTOP-SK2I1UHQ]
	at io.axoniq.axonserver.component.processor.EventProcessorStatusRefresh.l(uoa:42) ~[!/:na]
	at java.base/java.util.concurrent.CompletableFuture$AsyncRun.run(CompletableFuture.java:1804) ~[na:na]
	... 6 common frames omitted
Wrapped by: java.util.concurrent.CompletionException: java.lang.RuntimeException: Event processor status update has not be completed in 10 seconds. No response from [30404@LAPTOP-SK2I1UHQ]
	at java.base/java.util.concurrent.CompletableFuture.encodeThrowable(CompletableFuture.java:315) ~[na:na]
	at java.base/java.util.concurrent.CompletableFuture.completeThrowable(CompletableFuture.java:320) ~[na:na]
	at java.base/java.util.concurrent.CompletableFuture$AsyncRun.run(CompletableFuture.java:1807) ~[na:na]
	at java.base/java.util.concurrent.CompletableFuture$AsyncRun.exec(CompletableFuture.java:1796) ~[na:na]
	at java.base/java.util.concurrent.ForkJoinTask.doExec(ForkJoinTask.java:373) ~[na:na]
	at java.base/java.util.concurrent.ForkJoinPool$WorkQueue.topLevelExec(ForkJoinPool.java:1182) ~[na:na]
	at java.base/java.util.concurrent.ForkJoinPool.scan(ForkJoinPool.java:1655) ~[na:na]
	at java.base/java.util.concurrent.ForkJoinPool.runWorker(ForkJoinPool.java:1622) ~[na:na]
	at java.base/java.util.concurrent.ForkJoinWorkerThread.run(ForkJoinWorkerThread.java:165) ~[na:na]
2025-05-14 11:12:54.633 |  INFO |           grpc-executor-4 | i.a.a.logging.TopologyEventsLogger       | Application connected: borrowingservice, clientId = 30404@LAPTOP-SK2I1UHQ, clientStreamId = 30404@LAPTOP-SK2I1UHQ.151272bd-d9e0-4168-b23e-fb16ef50bf08, context = default
2025-05-14 11:13:13.440 |  INFO |           grpc-executor-1 | i.a.a.logging.TopologyEventsLogger       | Application connected: BookService, clientId = 25992@LAPTOP-SK2I1UHQ, clientStreamId = 25992@LAPTOP-SK2I1UHQ.5c12a03e-56b1-4f27-b231-64aca8f45f42, context = default
2025-05-14 13:36:08.685 |  INFO |           grpc-executor-4 | i.a.a.logging.TopologyEventsLogger       | Application disconnected: borrowingservice, clientId = 30404@LAPTOP-SK2I1UHQ.151272bd-d9e0-4168-b23e-fb16ef50bf08, context = default: Error on platform connection from client
2025-05-14 13:36:08.764 |  INFO |           grpc-executor-1 | i.a.a.logging.TopologyEventsLogger       | Application connected: borrowingservice, clientId = 30404@LAPTOP-SK2I1UHQ, clientStreamId = 30404@LAPTOP-SK2I1UHQ.d50d4560-2b11-44c4-93eb-ab92d2f609d2, context = default
2025-05-14 13:36:09.465 |  INFO |           grpc-executor-2 | i.a.a.logging.TopologyEventsLogger       | Application disconnected: employeeservice, clientId = 29900@LAPTOP-SK2I1UHQ.bab8dc7b-e0c1-4c0b-8700-6274623275d8, context = default: Error on platform connection from client
2025-05-14 13:36:09.496 |  INFO |           grpc-executor-1 | i.a.a.logging.TopologyEventsLogger       | Application disconnected: BookService, clientId = 25992@LAPTOP-SK2I1UHQ.5c12a03e-56b1-4f27-b231-64aca8f45f42, context = default: Error on platform connection from client
2025-05-14 13:36:09.528 |  INFO |           grpc-executor-4 | i.a.a.logging.TopologyEventsLogger       | Application connected: employeeservice, clientId = 29900@LAPTOP-SK2I1UHQ, clientStreamId = 29900@LAPTOP-SK2I1UHQ.d775f2dd-efd7-4250-9a62-b52e6b0a99d5, context = default
2025-05-14 13:36:09.562 |  INFO |           grpc-executor-2 | i.a.a.logging.TopologyEventsLogger       | Application connected: BookService, clientId = 25992@LAPTOP-SK2I1UHQ, clientStreamId = 25992@LAPTOP-SK2I1UHQ.c8797684-ac62-4f13-bae4-36a432663cc5, context = default
2025-05-14 15:41:42.494 |  INFO |           grpc-executor-2 | i.a.a.logging.TopologyEventsLogger       | Application disconnected: borrowingservice, clientId = 30404@LAPTOP-SK2I1UHQ.d50d4560-2b11-44c4-93eb-ab92d2f609d2, context = default: Error on platform connection from client
2025-05-14 15:41:49.890 |  INFO |           grpc-executor-2 | i.a.a.logging.TopologyEventsLogger       | Application connected: borrowingservice, clientId = 30404@LAPTOP-SK2I1UHQ, clientStreamId = 30404@LAPTOP-SK2I1UHQ.678b9afc-30d7-49c6-b7ab-7268b5a39ce1, context = default
2025-05-14 15:42:48.241 |  INFO |           grpc-executor-4 | i.a.a.logging.TopologyEventsLogger       | Application disconnected: borrowingservice, clientId = 30404@LAPTOP-SK2I1UHQ.678b9afc-30d7-49c6-b7ab-7268b5a39ce1, context = default: Error on platform connection from client
2025-05-14 15:43:00.342 |  INFO |           grpc-executor-3 | i.a.a.logging.TopologyEventsLogger       | Application connected: borrowingservice, clientId = 30404@LAPTOP-SK2I1UHQ, clientStreamId = 30404@LAPTOP-SK2I1UHQ.f05f96d7-bd6f-4e3f-b737-8e5b56e64a7d, context = default
2025-05-14 16:02:21.649 |  INFO |           grpc-executor-2 | i.a.a.logging.TopologyEventsLogger       | Application disconnected: borrowingservice, clientId = 30404@LAPTOP-SK2I1UHQ.f05f96d7-bd6f-4e3f-b737-8e5b56e64a7d, context = default: Platform connection completed by client
2025-05-14 16:02:35.611 |  INFO |           grpc-executor-4 | i.a.a.logging.TopologyEventsLogger       | Application connected: borrowingservice, clientId = 8728@LAPTOP-SK2I1UHQ, clientStreamId = 8728@LAPTOP-SK2I1UHQ.b5330529-be72-4a48-aeba-46f522583885, context = default
2025-05-14 16:04:16.003 |  INFO |           grpc-executor-4 | i.a.a.logging.TopologyEventsLogger       | Application disconnected: borrowingservice, clientId = 8728@LAPTOP-SK2I1UHQ.b5330529-be72-4a48-aeba-46f522583885, context = default: Error on platform connection from client
2025-05-14 16:05:47.527 |  INFO |           grpc-executor-4 | i.a.a.logging.TopologyEventsLogger       | Application connected: borrowingservice, clientId = 8728@LAPTOP-SK2I1UHQ, clientStreamId = 8728@LAPTOP-SK2I1UHQ.ae8794e9-9ea7-4386-a957-f9f61b927784, context = default
2025-05-14 16:06:06.297 |  INFO |           grpc-executor-1 | i.a.a.logging.TopologyEventsLogger       | Application disconnected: borrowingservice, clientId = 8728@LAPTOP-SK2I1UHQ.ae8794e9-9ea7-4386-a957-f9f61b927784, context = default: Error on platform connection from client
2025-05-14 16:06:13.413 |  WARN | Pool.commonPool-worker-11 | i.a.a.c.p.b.LoadBalancerDelegate         | Load Balancing Operation failed for event processor TrackingEventProcessor{name='com.ltfullstack.borrowingservice.command.event', context='default', tokenStoreIdentifier='281e4d05-fb38-4c5c-aeac-47faf3210a2a'}
java.lang.RuntimeException: Event processor status update has not be completed in 10 seconds. No response from [8728@LAPTOP-SK2I1UHQ]
	at io.axoniq.axonserver.component.processor.EventProcessorStatusRefresh.l(uoa:42) ~[!/:na]
	at java.base/java.util.concurrent.CompletableFuture$AsyncRun.run(CompletableFuture.java:1804) ~[na:na]
	... 6 common frames omitted
Wrapped by: java.util.concurrent.CompletionException: java.lang.RuntimeException: Event processor status update has not be completed in 10 seconds. No response from [8728@LAPTOP-SK2I1UHQ]
	at java.base/java.util.concurrent.CompletableFuture.encodeThrowable(CompletableFuture.java:315) ~[na:na]
	at java.base/java.util.concurrent.CompletableFuture.completeThrowable(CompletableFuture.java:320) ~[na:na]
	at java.base/java.util.concurrent.CompletableFuture$AsyncRun.run(CompletableFuture.java:1807) ~[na:na]
	at java.base/java.util.concurrent.CompletableFuture$AsyncRun.exec(CompletableFuture.java:1796) ~[na:na]
	at java.base/java.util.concurrent.ForkJoinTask.doExec(ForkJoinTask.java:373) ~[na:na]
	at java.base/java.util.concurrent.ForkJoinPool$WorkQueue.topLevelExec(ForkJoinPool.java:1182) ~[na:na]
	at java.base/java.util.concurrent.ForkJoinPool.scan(ForkJoinPool.java:1655) ~[na:na]
	at java.base/java.util.concurrent.ForkJoinPool.runWorker(ForkJoinPool.java:1622) ~[na:na]
	at java.base/java.util.concurrent.ForkJoinWorkerThread.run(ForkJoinWorkerThread.java:165) ~[na:na]
2025-05-14 16:06:13.413 |  WARN | Pool.commonPool-worker-14 | i.a.a.c.p.b.LoadBalancerDelegate         | Load Balancing Operation failed for event processor TrackingEventProcessor{name='BorrowingSagaProcessor', context='default', tokenStoreIdentifier='281e4d05-fb38-4c5c-aeac-47faf3210a2a'}
java.lang.RuntimeException: Event processor status update has not be completed in 10 seconds. No response from [8728@LAPTOP-SK2I1UHQ]
	at io.axoniq.axonserver.component.processor.EventProcessorStatusRefresh.l(uoa:42) ~[!/:na]
	at java.base/java.util.concurrent.CompletableFuture$AsyncRun.run(CompletableFuture.java:1804) ~[na:na]
	... 6 common frames omitted
Wrapped by: java.util.concurrent.CompletionException: java.lang.RuntimeException: Event processor status update has not be completed in 10 seconds. No response from [8728@LAPTOP-SK2I1UHQ]
	at java.base/java.util.concurrent.CompletableFuture.encodeThrowable(CompletableFuture.java:315) ~[na:na]
	at java.base/java.util.concurrent.CompletableFuture.completeThrowable(CompletableFuture.java:320) ~[na:na]
	at java.base/java.util.concurrent.CompletableFuture$AsyncRun.run(CompletableFuture.java:1807) ~[na:na]
	at java.base/java.util.concurrent.CompletableFuture$AsyncRun.exec(CompletableFuture.java:1796) ~[na:na]
	at java.base/java.util.concurrent.ForkJoinTask.doExec(ForkJoinTask.java:373) ~[na:na]
	at java.base/java.util.concurrent.ForkJoinPool$WorkQueue.topLevelExec(ForkJoinPool.java:1182) ~[na:na]
	at java.base/java.util.concurrent.ForkJoinPool.scan(ForkJoinPool.java:1655) ~[na:na]
	at java.base/java.util.concurrent.ForkJoinPool.runWorker(ForkJoinPool.java:1622) ~[na:na]
	at java.base/java.util.concurrent.ForkJoinWorkerThread.run(ForkJoinWorkerThread.java:165) ~[na:na]
2025-05-14 16:26:43.360 |  INFO |           grpc-executor-1 | i.a.a.logging.TopologyEventsLogger       | Application connected: borrowingservice, clientId = 1176@LAPTOP-SK2I1UHQ, clientStreamId = 1176@LAPTOP-SK2I1UHQ.4a7e99b2-5503-4b8c-a377-840a72e1a49f, context = default
2025-05-14 16:27:53.397 |  INFO |           grpc-executor-3 | i.a.a.logging.TopologyEventsLogger       | Application disconnected: borrowingservice, clientId = 1176@LAPTOP-SK2I1UHQ.4a7e99b2-5503-4b8c-a377-840a72e1a49f, context = default: Error on platform connection from client
2025-05-14 16:50:17.915 |  INFO |           grpc-executor-1 | i.a.a.logging.TopologyEventsLogger       | Application connected: borrowingservice, clientId = 1176@LAPTOP-SK2I1UHQ, clientStreamId = 1176@LAPTOP-SK2I1UHQ.c0d70dc5-3324-44e0-ae0b-ae7f8d627318, context = default
2025-05-14 16:50:18.321 |  INFO |           grpc-executor-3 | i.a.a.logging.TopologyEventsLogger       | Application disconnected: borrowingservice, clientId = 1176@LAPTOP-SK2I1UHQ.c0d70dc5-3324-44e0-ae0b-ae7f8d627318, context = default: Platform connection completed by client
2025-05-14 16:50:35.953 |  INFO |           grpc-executor-3 | i.a.a.logging.TopologyEventsLogger       | Application connected: borrowingservice, clientId = 21040@LAPTOP-SK2I1UHQ, clientStreamId = 21040@LAPTOP-SK2I1UHQ.7a2aa017-cdfc-4fc0-bdbd-313e395be99e, context = default
2025-05-14 16:53:43.238 |  INFO |           grpc-executor-3 | i.a.a.logging.TopologyEventsLogger       | Application disconnected: employeeservice, clientId = 29900@LAPTOP-SK2I1UHQ.d775f2dd-efd7-4250-9a62-b52e6b0a99d5, context = default: Platform connection completed by client
2025-05-14 16:53:55.874 |  INFO |           grpc-executor-3 | i.a.a.logging.TopologyEventsLogger       | Application connected: employeeservice, clientId = 16420@LAPTOP-SK2I1UHQ, clientStreamId = 16420@LAPTOP-SK2I1UHQ.6204ad28-440c-4cb5-9136-6602037144b7, context = default
2025-05-14 16:56:38.037 |  INFO |           grpc-executor-2 | i.a.a.logging.TopologyEventsLogger       | Application disconnected: borrowingservice, clientId = 21040@LAPTOP-SK2I1UHQ.7a2aa017-cdfc-4fc0-bdbd-313e395be99e, context = default: Error on platform connection from client
2025-05-14 17:02:35.891 |  INFO |           grpc-executor-2 | i.a.a.logging.TopologyEventsLogger       | Application disconnected: employeeservice, clientId = 16420@LAPTOP-SK2I1UHQ.6204ad28-440c-4cb5-9136-6602037144b7, context = default: Platform connection completed by client
2025-05-14 17:02:45.297 |  WARN |           grpc-executor-1 | i.a.a.message.command.CommandDispatcher  | No Handler for command: com.ltfullstack.borrowingservice.command.command.DeleteBorrowingCommand
2025-05-14 17:02:45.309 |  INFO |           grpc-executor-2 | i.a.a.logging.TopologyEventsLogger       | Application connected: borrowingservice, clientId = 21040@LAPTOP-SK2I1UHQ, clientStreamId = 21040@LAPTOP-SK2I1UHQ.86354d28-1e57-43bb-8a79-47dd81ad1499, context = default
2025-05-14 17:02:45.581 |  INFO |           grpc-executor-3 | i.a.a.logging.TopologyEventsLogger       | Application disconnected: borrowingservice, clientId = 21040@LAPTOP-SK2I1UHQ.86354d28-1e57-43bb-8a79-47dd81ad1499, context = default: Platform connection completed by client
2025-05-14 17:02:51.218 |  INFO |           grpc-executor-2 | i.a.a.logging.TopologyEventsLogger       | Application connected: employeeservice, clientId = 9568@LAPTOP-SK2I1UHQ, clientStreamId = 9568@LAPTOP-SK2I1UHQ.26aacb37-db54-4dfe-985d-132023d3eb13, context = default
2025-05-14 17:03:01.990 |  INFO |           grpc-executor-4 | i.a.a.logging.TopologyEventsLogger       | Application connected: borrowingservice, clientId = 2224@LAPTOP-SK2I1UHQ, clientStreamId = 2224@LAPTOP-SK2I1UHQ.f6738037-782b-4caf-894e-ca7c0a120d68, context = default
2025-05-14 17:03:17.197 |  INFO |           grpc-executor-1 | i.a.a.logging.TopologyEventsLogger       | Application disconnected: borrowingservice, clientId = 2224@LAPTOP-SK2I1UHQ.f6738037-782b-4caf-894e-ca7c0a120d68, context = default: Error on platform connection from client
2025-05-14 17:03:27.135 |  WARN | Pool.commonPool-worker-23 | i.a.a.c.p.b.LoadBalancerDelegate         | Load Balancing Operation failed for event processor TrackingEventProcessor{name='com.ltfullstack.borrowingservice.command.event', context='default', tokenStoreIdentifier='4389056b-cadb-4ad6-a188-9884c664e170'}
java.lang.RuntimeException: Event processor status update has not be completed in 10 seconds. No response from [2224@LAPTOP-SK2I1UHQ]
	at io.axoniq.axonserver.component.processor.EventProcessorStatusRefresh.l(uoa:42) ~[!/:na]
	at java.base/java.util.concurrent.CompletableFuture$AsyncRun.run(CompletableFuture.java:1804) ~[na:na]
	... 6 common frames omitted
Wrapped by: java.util.concurrent.CompletionException: java.lang.RuntimeException: Event processor status update has not be completed in 10 seconds. No response from [2224@LAPTOP-SK2I1UHQ]
	at java.base/java.util.concurrent.CompletableFuture.encodeThrowable(CompletableFuture.java:315) ~[na:na]
	at java.base/java.util.concurrent.CompletableFuture.completeThrowable(CompletableFuture.java:320) ~[na:na]
	at java.base/java.util.concurrent.CompletableFuture$AsyncRun.run(CompletableFuture.java:1807) ~[na:na]
	at java.base/java.util.concurrent.CompletableFuture$AsyncRun.exec(CompletableFuture.java:1796) ~[na:na]
	at java.base/java.util.concurrent.ForkJoinTask.doExec(ForkJoinTask.java:373) ~[na:na]
	at java.base/java.util.concurrent.ForkJoinPool$WorkQueue.topLevelExec(ForkJoinPool.java:1182) ~[na:na]
	at java.base/java.util.concurrent.ForkJoinPool.scan(ForkJoinPool.java:1655) ~[na:na]
	at java.base/java.util.concurrent.ForkJoinPool.runWorker(ForkJoinPool.java:1622) ~[na:na]
	at java.base/java.util.concurrent.ForkJoinWorkerThread.run(ForkJoinWorkerThread.java:165) ~[na:na]
2025-05-14 17:05:00.150 |  INFO |           grpc-executor-2 | i.a.a.logging.TopologyEventsLogger       | Application connected: borrowingservice, clientId = 2224@LAPTOP-SK2I1UHQ, clientStreamId = 2224@LAPTOP-SK2I1UHQ.e2083bfc-4d53-41cf-8e57-42660396310e, context = default
2025-05-14 17:57:51.039 |  INFO |           grpc-executor-2 | i.a.a.logging.TopologyEventsLogger       | Application disconnected: employeeservice, clientId = 9568@LAPTOP-SK2I1UHQ.26aacb37-db54-4dfe-985d-132023d3eb13, context = default: Platform connection completed by client
2025-05-14 17:57:56.087 |  INFO |           grpc-executor-2 | i.a.a.logging.TopologyEventsLogger       | Application disconnected: borrowingservice, clientId = 2224@LAPTOP-SK2I1UHQ.e2083bfc-4d53-41cf-8e57-42660396310e, context = default: Platform connection completed by client
2025-05-14 17:58:00.811 |  INFO |           grpc-executor-4 | i.a.a.logging.TopologyEventsLogger       | Application disconnected: BookService, clientId = 25992@LAPTOP-SK2I1UHQ.c8797684-ac62-4f13-bae4-36a432663cc5, context = default: Platform connection completed by client
